学古代汉语的好处
熬夜的危害
林冲
三沙市桂花
卫生棉条
桂花
教师资格证科目
猫的性格
瑜伽
开心的事情
oo的微博
王者段位
甲状腺癌检查
狮子座
黄初起修炼
比特币的禁运
做什么工作
北京到北京快车
疫情什么时候能结束
流量
海边旅游
《太子妃升职记》
维吾尔语
宅在家里的坏处
刘德华的缺点
豪放派
综艺节目
养猫的好处
告白气球
电动牙刷推荐
emm
膨化食品
遛狗的好处
谷爱凌
魔戒电影
月桂的花期
香港美食
教师资格证科目
社会学专业
健康的食物
从惠州市区到罗浮山的路线
和朋友交流的方法
五一假期去哪里玩
石嘴山市天气
北京的计算机专业薪资
成绩制作员
金星变性人
滨州市景点
冬奥会项目
李健的音乐诗人
iphone13的优势
韩都衣舍
微博微信公众号
王力宏演唱会
平凉市天气
跑步的好处
街舞的好处
游泳的好处
羊驼
最近的工作生活
黄山景点
崴脚的危害
去动物园
时间查询
香港疫情
北京净月潭
早上的空气
高考成绩
失恋的原因
金典有机奶
雅诗兰黛口红
文艺的狗狗
养鸟的方法
女生对男生的感觉
海龟先生
育儿乐高
jojo
上火的零食
皮肤干燥的原因
结婚房
长白山天池
漫威电影
香港景点
怀化市景点
怎么表白
《可惜不是你》
蛙泳
最近的工作
手机的应用
克孜勒苏柯尔克孜自治州
张若昀
喜欢上一个人会很尴尬吗
中药的优点
画画的好处
教师资格考试时间
腾讯视频黑客帝国
最近的基金。
云南省曲靖市天气
做第三者的危害
养花的好处
易烊千玺
南锣鼓巷、什刹海、鼓楼
仙剑奇侠传三
原发性颅内肿瘤
《人在囧途》的名字。
首奢香夫人
广州瑜曼伊人舞蹈培训学院
我不是药神
东野圭吾
名著
怎么做蛋糕
天蝎座的男女比例
喝中药的好处
胃痛的原因
王者荣耀段位
赵丽颖
女生对男生的感觉
绥化市的繁华
喜欢她的原因
养宠物的好处
工作不开心
中医的体系
王者荣耀直播
云南的景点
阿勒泰天气
东野圭吾《嫌疑人x的献身》
红烧排骨
阿里地区天气
什么是穿搭？
射手座和白羊座最搭的星座
金毛
李源根
陈奕迅的代表作
七之岛的吉祥物
盐城天气
新疆的历史文化
左旋肉碱的副作用
张家界景点
东莞智通人才市场
原神游戏
武林高手
双河旅游
泰山方特欢乐世界
兰州牛肉面的口味
养猫要打疫苗吗？
芒果的营养价值
魔道祖师简介
985的学校
王者荣耀射手
刘星
吃蛋黄酥的危害
西塘
北京有哪些好的人工智能公司
会计的工作
鬼灭之刃
平板电脑品牌
辣条
热依扎
和田好玩的地方
北京站演唱会时间
文职类的工作
《沙丘》
口红推荐
被人骂的原因
开封天气
《给我感觉》
喜欢歌手和明星的原因
贵州美食
猫砂的好处
海湾大桥
阿加莎克里斯
散步的好处
顾漫的小说何笙箫默
妻子吃了饭吐出来了。
许嵩的歌
生活小常识
吃中药的好处
枸杞的好处
男女比例
中国流行的rap音乐
参加足球比赛的时间
迪丽热巴
刘亦菲梦华录
圣方济各堂运动
西藏旅游
黑陶的起源
四川师范大学代码
驻马店市的演出
兽医和兽医有什么区别
广元市天气
互联网相关工作
毛阿敏
爱情片
网文火
马拉松报名时间
微信公众号
西宁疫情
西宁的地域特点
厦门景点
北京交通大学
跳新疆舞的人精神
甄嬛传孙俪
孩子学习成绩好的原因
好听的歌
喜剧片
汉语言文学专业的学校
眼科医院
语文的特点
消防员
穿搭评分
山东的大葱
吃坚果的好处
北京马连洼地铁
海蛎子肉
人生无趣的原因
上海的面积
衡山门票多少钱
邓超
贵州省安顺市天气
巨蟹座
迪丽热巴为什么这么苦
秦皇岛景点
高雯
薛之谦
淘宝水果店
综艺节目
许昌市天气
身材好的运动穿搭
怎么把小说改电影
中药莲花清瘟胶囊
周华健
临高县美食
北京天气
写文章的技巧
北大信息科学学院
小巷的含义
互联网金融
最近上映的电影
岳阳楼
公司的人力资源管理
刘亦菲的剧
百草味的芒果干
人力资源
北京天气
罗俊霖的作品
高新园区
古巨基的电视剧
巴中美食
岸本齐史
中学生恋爱的态度
林俊杰
乌龟长命百岁
衣服的颜色
艾薇儿的歌
谷爱凌
新的工作环境
恐怖片
海南热吗
水果国王
东京陵
龙游天气
丽水车市
养生的好处
a妹的歌
长高的方法
昌都天气
跳远
公务员考试
广西壮族自治区北海市
画眼线的步骤
阿德勒的成就
《时间的女儿》
电脑推荐
宜昌市天气
学习的好处
南充十字街商场
生活方式
青豌豆演唱会
哈弗h6怎么样？
跳了一周后浑身酸痛怎么办
看电影的好处
养老保险
养花的好处
学画画的方法
海南美食
腾讯游戏部门
昆明天气
洱海
伊春市天气
防城港房价
养花多肉
杜海涛
动漫一人之下
排骨的好处
张继科绯闻
设计的好处
学车的好处
养宠物的好处
佳能尼康相机
吴忠市
城市地域
找对象的方法
苗族语
武汉景点
买基金的方法
吉林省延边朝鲜族自治州天气
减脂的零食
和男朋友吵架的原因
胶片单反
春节短假
鬼灭之刃无限列车
香港好玩的项目
如何做分众
人民的名义电视剧
澳门是中国的一部分吗？
植树节
quora
卖水果的好处
qq音乐的歌单
看电视的好处
莫言诺贝尔
健身餐
互联网金融和传统金融有什么区别
《了不起的盖茨比》的结局
附近的公园
人字拖品牌
上班久坐的运动
如何让孩子上幼儿园
陪朋友看电影
范丞丞
老师的课上的诗歌
瑶海区
上海停车费
家里的老人
香奈儿
春天的天气
人力资源
针灸
螺蛳粉
疙瘩汤翻车
夏天的衣服
昆明景点
泰国恐怖片
死亡笔记剧荒
周深的歌曲
深圳哪个地段的房子比较好
工作的好处
养猫的好处
绿萝好修剪吗
找工作的注意事项